// Jest Snapshot v1, https://goo.gl/fbAQLP

exports[`should render DashboardPage correctly 1`] = `
<div
  className="row"
>
  <div
    className="col-sm-12"
  >
    <Connect(ItemListFilters) />
    <Connect(ItemList) />
  </div>
</div>
`;
