// Jest Snapshot v1, https://goo.gl/fbAQLP

exports[`should render Header 1`] = `
<div
  className="row card-header"
>
  <div
    className="col-sm-12"
  >
    <h1
      className="card-title"
      id="header-title"
    >
      Camino Financial React App
    </h1>
    <div
      className="row"
    >
      <div
        className="col-md-4"
      >
        <NavLink
          activeClassName="is-active"
          ariaCurrent="true"
          className="btn btn-primary"
          exact={true}
          to="/"
        >
          Dashboard
        </NavLink>
      </div>
      <div
        className="col-md-4"
      >
        <NavLink
          activeClassName="is-active"
          ariaCurrent="true"
          className="btn btn-primary"
          to="/create"
        >
          Add Item
        </NavLink>
      </div>
      <div
        className="col-md-4"
      >
        <NavLink
          activeClassName="is-active"
          ariaCurrent="true"
          className="btn btn-primary"
          to="/about"
        >
          About
        </NavLink>
      </div>
    </div>
  </div>
</div>
`;
