// Jest Snapshot v1, https://goo.gl/fbAQLP

exports[`should render ItemListItem correctly 1`] = `
<div>
  <Link
    replace={false}
    to="/edit/1"
  >
    <h3>
      Pant
    </h3>
  </Link>
  <p>
    500
     - 
    0
  </p>
</div>
`;
