// Jest Snapshot v1, https://goo.gl/fbAQLP

exports[`should render ItemList with empty message 1`] = `
<li
  className="list-group-item"
>
  <div
    className="alert alert-primary"
    role="alert"
  >
    Add some items to get started!
  </div>
</li>
`;

exports[`should render ItemList with items 1`] = `
<li
  className="list-group-item"
>
  <ItemListItem
    amount={500}
    description="Pant"
    id="1"
    key="1"
    note=""
    sales={10}
    sales2={20}
    sales3={30}
    sales4={40}
  />
  <ItemListItem
    amount={1000}
    description="Shirt"
    id="2"
    key="2"
    note=""
    sales={1}
    sales2={2}
    sales3={3}
    sales4={4}
  />
  <ItemListItem
    amount={1500}
    description="Coat"
    id="3"
    key="3"
    note=""
    sales={5}
    sales2={10}
    sales3={15}
    sales4={20}
  />
</li>
`;
